remote: . Processing 1 references        
remote: Processed 1 references in total        
08:25 pushed 35 problems to origin
08:25 pushed 35 problems to github
remote: . Processing 1 references        
remote: Processed 1 references in total        
08:55 pushed 80 problems to origin
08:55 pushed 80 problems to github
remote: . Processing 1 references        
remote: Processed 1 references in total        
09:25 pushed 103 problems to origin
09:25 pushed 103 problems to github
remote: . Processing 1 references        
remote: Processed 1 references in total        
09:56 pushed 103 problems to origin
09:56 pushed 103 problems to github
remote: . Processing 1 references        
remote: Processed 1 references in total        
10:26 pushed 103 problems to origin
10:26 pushed 103 problems to github
remote: . Processing 1 references        
remote: Processed 1 references in total        
10:56 pushed 103 problems to origin
10:56 pushed 103 problems to github
remote: . Processing 1 references        
remote: Processed 1 references in total        
11:26 pushed 103 problems to origin
11:26 pushed 103 problems to github
remote: . Processing 1 references        
remote: Processed 1 references in total        
11:56 pushed 103 problems to origin
11:56 pushed 103 problems to github
remote: . Processing 1 references        
remote: Processed 1 references in total        
12:26 pushed 128 problems to origin
12:26 pushed 128 problems to github
remote: . Processing 1 references        
remote: Processed 1 references in total        
12:56 pushed 153 problems to origin
12:56 pushed 153 problems to github
remote: . Processing 1 references        
remote: Processed 1 references in total        
13:26 pushed 153 problems to origin
13:26 pushed 153 problems to github
remote: . Processing 1 references        
remote: Processed 1 references in total        
13:57 pushed 153 problems to origin
13:57 pushed 153 problems to github
remote: . Processing 1 references        
remote: Processed 1 references in total        
14:27 pushed 153 problems to origin
14:27 pushed 153 problems to github
remote: . Processing 1 references        
remote: Processed 1 references in total        
14:57 pushed 171 problems to origin
14:57 pushed 171 problems to github
remote: . Processing 1 references        
remote: Processed 1 references in total        
15:27 pushed 177 problems to origin
15:27 pushed 177 problems to github
remote: . Processing 1 references        
remote: Processed 1 references in total        
15:57 pushed 177 problems to origin
15:57 pushed 177 problems to github
remote: . Processing 1 references        
remote: Processed 1 references in total        
16:27 pushed 177 problems to origin
16:27 pushed 177 problems to github
remote: . Processing 1 references        
remote: Processed 1 references in total        
16:57 pushed 177 problems to origin
16:57 pushed 177 problems to github
remote: . Processing 1 references        
remote: Processed 1 references in total        
17:27 pushed 177 problems to origin
17:27 pushed 177 problems to github
remote: . Processing 1 references        
remote: Processed 1 references in total        
17:58 pushed 177 problems to origin
17:58 pushed 177 problems to github
remote: . Processing 1 references        
remote: Processed 1 references in total        
18:28 pushed 177 problems to origin
18:28 pushed 177 problems to github
remote: . Processing 1 references        
remote: Processed 1 references in total        
18:58 pushed 177 problems to origin
18:58 pushed 177 problems to github
remote: . Processing 1 references        
remote: Processed 1 references in total        
19:28 pushed 206 problems to origin
19:28 pushed 206 problems to github
remote: . Processing 1 references        
remote: Processed 1 references in total        
19:58 pushed 251 problems to origin
19:58 pushed 251 problems to github
remote: . Processing 1 references        
remote: Processed 1 references in total        
20:28 pushed 296 problems to origin
20:28 pushed 296 problems to github
05:39 no change at 329 problems
remote: . Processing 1 references        
remote: Processed 1 references in total        
06:09 pushed 375 problems to origin
06:09 pushed 375 problems to github
17:04 no change at 396 problems
Please make sure you have the correct access rights
and the repository exists.
17:34 pushed 436 problems to origin
Please make sure you have the correct access rights
and the repository exists.
17:34 pushed 436 problems to github
remote: . Processing 1 references        
remote: Processed 1 references in total        
18:04 pushed 473 problems to origin
18:04 pushed 473 problems to github
remote: . Processing 1 references        
remote: Processed 1 references in total        
18:35 pushed 519 problems to origin
18:35 pushed 519 problems to github
07:26 no change at 523 problems
remote: . Processing 1 references        
remote: Processed 1 references in total        
07:56 pushed 563 problems to origin
07:56 pushed 563 problems to github
remote: . Processing 1 references        
remote: Processed 1 references in total        
08:39 pushed 599 problems to origin
08:39 pushed 599 problems to github
remote: . Processing 1 references        
remote: Processed 1 references in total        
09:09 pushed 641 problems to origin
09:09 pushed 641 problems to github
remote: . Processing 1 references        
remote: Processed 1 references in total        
09:39 pushed 645 problems to origin
09:39 pushed 645 problems to github
remote: . Processing 1 references        
remote: Processed 1 references in total        
10:10 pushed 645 problems to origin
10:10 pushed 645 problems to github
remote: . Processing 1 references        
remote: Processed 1 references in total        
10:40 pushed 660 problems to origin
10:40 pushed 660 problems to github
remote: . Processing 1 references        
remote: Processed 1 references in total        
11:10 pushed 699 problems to origin
11:10 pushed 699 problems to github
remote: . Processing 1 references        
remote: Processed 1 references in total        
11:40 pushed 742 problems to origin
11:40 pushed 742 problems to github
remote: . Processing 1 references        
remote: Processed 1 references in total        
12:10 pushed 783 problems to origin
12:11 pushed 783 problems to github
remote: . Processing 1 references        
remote: Processed 1 references in total        
12:41 pushed 824 problems to origin
12:41 pushed 824 problems to github
remote: . Processing 1 references        
remote: Processed 1 references in total        
13:11 pushed 865 problems to origin
13:11 pushed 865 problems to github
remote: . Processing 1 references        
remote: Processed 1 references in total        
13:41 pushed 896 problems to origin
13:41 pushed 896 problems to github
remote: . Processing 1 references        
remote: Processed 1 references in total        
14:11 pushed 896 problems to origin
14:11 pushed 896 problems to github
remote: . Processing 1 references        
remote: Processed 1 references in total        
14:42 pushed 896 problems to origin
14:42 pushed 896 problems to github
